../Core/Src/main.c:65:6:map	24	static
../Core/Src/main.c:73:6:Servo_pwm	40	static
../Core/Src/main.c:81:6:delay_us	16	static
../Core/Src/main.c:94:5:main	8	static
../Core/Src/main.c:155:6:SystemClock_Config	72	static
../Core/Src/main.c:194:13:MX_TIM1_Init	96	static
../Core/Src/main.c:269:13:MX_USART1_UART_Init	8	static
../Core/Src/main.c:302:13:MX_USART2_UART_Init	8	static
../Core/Src/main.c:333:13:MX_DMA_Init	16	static
../Core/Src/main.c:354:13:MX_GPIO_Init	16	static
../Core/Src/main.c:374:6:Error_Handler	4	static,ignoring_inline_asm
